// Jest Snapshot v1, https://goo.gl/fbAQLP

exports[`<ConnectedErrorPage /> renders correctly 1`] = `
Array [
  <h1>
    Page not found
  </h1>,
  <p>
    This page does not exist.
  </p>,
]
`;
